https://heat.qq.com/api/getHeatDataByTime.php?region_id=512&datetime=2021-03-06+00%3A00%3A00&sub_domain=,
https://heat.qq.com/api/getHeatDataByTime.php?region_id=512&datetime=2021-03-06+00%3A05%3A00&sub_domain=,
https://heat.qq.com/api/getHeatDataByTime.php?region_id=512&datetime=2021-03-06+00%3A00%3A00&sub_domain=,
https://heat.qq.com/api/getHeatDataByTime.php?region_id=512&datetime=2021-03-06+00%3A05%3A00&sub_domain=,
https://heat.qq.com/api/getHeatDataByTime.php?region_id=512&datetime=2021-03-06+00%3A00%3A00&sub_domain=,
https://heat.qq.com/api/getHeatDataByTime.php?region_id=512&datetime=2021-03-06+00%3A05%3A00&sub_domain=,
2021-03-06+00%3A05,2021-03-06+01%3A002021-03-06+00%3A00,2021-03-06+00%3A05,2021-03-06+01%3A00